2026-09-28 09:57:46 +05:30: Error: listen EADDRINUSE: address already in use :::3000
2026-09-28 09:57:46 +05:30:     at Server.setupListenHandle [as _listen2] (node:net:2328:16)
2026-09-28 09:57:46 +05:30:     at listenInCluster (node:net:2437:12)
2026-09-28 09:57:46 +05:30:     at Server.listen (node:net:2562:7)
2026-09-28 09:57:46 +05:30:     at app.listen (/Users/himanshuranjan/anti-blog/node_modules/express/lib/application.js:635:24)
2026-09-28 09:57:46 +05:30:     at file:///Users/himanshuranjan/anti-blog/server/index.js:325:20
2026-09-28 09:57:46 +05:30:     at ModuleJob.run (node:internal/modules/esm/module_job:561:25)
2026-09-28 09:57:46 +05:30:     at process.processTicksAndRejections (node:internal/process/task_queues:104:5)
2026-09-28 09:57:46 +05:30:     at async node:internal/modules/esm/loader:647:26 {
2026-09-28 09:57:46 +05:30:   code: 'EADDRINUSE',
2026-09-28 09:57:46 +05:30:   errno: -48,
2026-09-28 09:57:46 +05:30:   syscall: 'listen',
2026-09-28 09:57:46 +05:30:   address: '::',
2026-09-28 09:57:46 +05:30:   port: 3000
2026-09-28 09:57:46 +05:30: }
2026-09-28 09:57:46 +05:30: Error: listen EADDRINUSE: address already in use :::3000
2026-09-28 09:57:46 +05:30:     at Server.setupListenHandle [as _listen2] (node:net:2328:16)
2026-09-28 09:57:46 +05:30:     at listenInCluster (node:net:2437:12)
2026-09-28 09:57:46 +05:30:     at Server.listen (node:net:2562:7)
2026-09-28 09:57:46 +05:30:     at app.listen (/Users/himanshuranjan/anti-blog/node_modules/express/lib/application.js:635:24)
2026-09-28 09:57:46 +05:30:     at file:///Users/himanshuranjan/anti-blog/server/index.js:325:20
2026-09-28 09:57:46 +05:30:     at ModuleJob.run (node:internal/modules/esm/module_job:561:25)
2026-09-28 09:57:46 +05:30:     at process.processTicksAndRejections (node:internal/process/task_queues:104:5)
2026-09-28 09:57:46 +05:30:     at async node:internal/modules/esm/loader:647:26 {
2026-09-28 09:57:46 +05:30:   code: 'EADDRINUSE',
2026-09-28 09:57:46 +05:30:   errno: -48,
2026-09-28 09:57:46 +05:30:   syscall: 'listen',
2026-09-28 09:57:46 +05:30:   address: '::',
2026-09-28 09:57:46 +05:30:   port: 3000
2026-09-28 09:57:46 +05:30: }
2026-09-28 09:57:46 +05:30: Error: listen EADDRINUSE: address already in use :::3000
2026-09-28 09:57:46 +05:30:     at Server.setupListenHandle [as _listen2] (node:net:2328:16)
2026-09-28 09:57:46 +05:30:     at listenInCluster (node:net:2437:12)
2026-09-28 09:57:46 +05:30:     at Server.listen (node:net:2562:7)
2026-09-28 09:57:46 +05:30:     at app.listen (/Users/himanshuranjan/anti-blog/node_modules/express/lib/application.js:635:24)
2026-09-28 09:57:46 +05:30:     at file:///Users/himanshuranjan/anti-blog/server/index.js:325:20
2026-09-28 09:57:46 +05:30:     at ModuleJob.run (node:internal/modules/esm/module_job:561:25)
2026-09-28 09:57:46 +05:30:     at process.processTicksAndRejections (node:internal/process/task_queues:104:5)
2026-09-28 09:57:46 +05:30:     at async node:internal/modules/esm/loader:647:26 {
2026-09-28 09:57:46 +05:30:   code: 'EADDRINUSE',
2026-09-28 09:57:46 +05:30:   errno: -48,
2026-09-28 09:57:46 +05:30:   syscall: 'listen',
2026-09-28 09:57:46 +05:30:   address: '::',
2026-09-28 09:57:46 +05:30:   port: 3000
2026-09-28 09:57:46 +05:30: }
2026-09-28 09:57:47 +05:30: Error: listen EADDRINUSE: address already in use :::3000
2026-09-28 09:57:47 +05:30:     at Server.setupListenHandle [as _listen2] (node:net:2328:16)
2026-09-28 09:57:47 +05:30:     at listenInCluster (node:net:2437:12)
2026-09-28 09:57:47 +05:30:     at Server.listen (node:net:2562:7)
2026-09-28 09:57:47 +05:30:     at app.listen (/Users/himanshuranjan/anti-blog/node_modules/express/lib/application.js:635:24)
2026-09-28 09:57:47 +05:30:     at file:///Users/himanshuranjan/anti-blog/server/index.js:325:20
2026-09-28 09:57:47 +05:30:     at ModuleJob.run (node:internal/modules/esm/module_job:561:25)
2026-09-28 09:57:47 +05:30:     at process.processTicksAndRejections (node:internal/process/task_queues:104:5)
2026-09-28 09:57:47 +05:30:     at async node:internal/modules/esm/loader:647:26 {
2026-09-28 09:57:47 +05:30:   code: 'EADDRINUSE',
2026-09-28 09:57:47 +05:30:   errno: -48,
2026-09-28 09:57:47 +05:30:   syscall: 'listen',
2026-09-28 09:57:47 +05:30:   address: '::',
2026-09-28 09:57:47 +05:30:   port: 3000
2026-09-28 09:57:47 +05:30: }
2026-09-28 09:57:47 +05:30: Error: listen EADDRINUSE: address already in use :::3000
2026-09-28 09:57:47 +05:30:     at Server.setupListenHandle [as _listen2] (node:net:2328:16)
2026-09-28 09:57:47 +05:30:     at listenInCluster (node:net:2437:12)
2026-09-28 09:57:47 +05:30:     at Server.listen (node:net:2562:7)
2026-09-28 09:57:47 +05:30:     at app.listen (/Users/himanshuranjan/anti-blog/node_modules/express/lib/application.js:635:24)
2026-09-28 09:57:47 +05:30:     at file:///Users/himanshuranjan/anti-blog/server/index.js:325:20
2026-09-28 09:57:47 +05:30:     at ModuleJob.run (node:internal/modules/esm/module_job:561:25)
2026-09-28 09:57:47 +05:30:     at process.processTicksAndRejections (node:internal/process/task_queues:104:5)
2026-09-28 09:57:47 +05:30:     at async node:internal/modules/esm/loader:647:26 {
2026-09-28 09:57:47 +05:30:   code: 'EADDRINUSE',
2026-09-28 09:57:47 +05:30:   errno: -48,
2026-09-28 09:57:47 +05:30:   syscall: 'listen',
2026-09-28 09:57:47 +05:30:   address: '::',
2026-09-28 09:57:47 +05:30:   port: 3000
2026-09-28 09:57:47 +05:30: }
2026-09-28 09:57:47 +05:30: Error: listen EADDRINUSE: address already in use :::3000
2026-09-28 09:57:47 +05:30:     at Server.setupListenHandle [as _listen2] (node:net:2328:16)
2026-09-28 09:57:47 +05:30:     at listenInCluster (node:net:2437:12)
2026-09-28 09:57:47 +05:30:     at Server.listen (node:net:2562:7)
2026-09-28 09:57:47 +05:30:     at app.listen (/Users/himanshuranjan/anti-blog/node_modules/express/lib/application.js:635:24)
2026-09-28 09:57:47 +05:30:     at file:///Users/himanshuranjan/anti-blog/server/index.js:325:20
2026-09-28 09:57:47 +05:30:     at ModuleJob.run (node:internal/modules/esm/module_job:561:25)
2026-09-28 09:57:47 +05:30:     at process.processTicksAndRejections (node:internal/process/task_queues:104:5)
2026-09-28 09:57:47 +05:30:     at async node:internal/modules/esm/loader:647:26 {
2026-09-28 09:57:47 +05:30:   code: 'EADDRINUSE',
2026-09-28 09:57:47 +05:30:   errno: -48,
2026-09-28 09:57:47 +05:30:   syscall: 'listen',
2026-09-28 09:57:47 +05:30:   address: '::',
2026-09-28 09:57:47 +05:30:   port: 3000
2026-09-28 09:57:47 +05:30: }
2026-09-28 09:57:47 +05:30: Error: listen EADDRINUSE: address already in use :::3000
2026-09-28 09:57:47 +05:30:     at Server.setupListenHandle [as _listen2] (node:net:2328:16)
2026-09-28 09:57:47 +05:30:     at listenInCluster (node:net:2437:12)
2026-09-28 09:57:47 +05:30:     at Server.listen (node:net:2562:7)
2026-09-28 09:57:47 +05:30:     at app.listen (/Users/himanshuranjan/anti-blog/node_modules/express/lib/application.js:635:24)
2026-09-28 09:57:47 +05:30:     at file:///Users/himanshuranjan/anti-blog/server/index.js:325:20
2026-09-28 09:57:47 +05:30:     at ModuleJob.run (node:internal/modules/esm/module_job:561:25)
2026-09-28 09:57:47 +05:30:     at process.processTicksAndRejections (node:internal/process/task_queues:104:5)
2026-09-28 09:57:47 +05:30:     at async node:internal/modules/esm/loader:647:26 {
2026-09-28 09:57:47 +05:30:   code: 'EADDRINUSE',
2026-09-28 09:57:47 +05:30:   errno: -48,
2026-09-28 09:57:47 +05:30:   syscall: 'listen',
2026-09-28 09:57:47 +05:30:   address: '::',
2026-09-28 09:57:47 +05:30:   port: 3000
2026-09-28 09:57:47 +05:30: }
2026-09-28 09:57:47 +05:30: Error: listen EADDRINUSE: address already in use :::3000
2026-09-28 09:57:47 +05:30:     at Server.setupListenHandle [as _listen2] (node:net:2328:16)
2026-09-28 09:57:47 +05:30:     at listenInCluster (node:net:2437:12)
2026-09-28 09:57:47 +05:30:     at Server.listen (node:net:2562:7)
2026-09-28 09:57:47 +05:30:     at app.listen (/Users/himanshuranjan/anti-blog/node_modules/express/lib/application.js:635:24)
2026-09-28 09:57:47 +05:30:     at file:///Users/himanshuranjan/anti-blog/server/index.js:325:20
2026-09-28 09:57:47 +05:30:     at ModuleJob.run (node:internal/modules/esm/module_job:561:25)
2026-09-28 09:57:47 +05:30:     at process.processTicksAndRejections (node:internal/process/task_queues:104:5)
2026-09-28 09:57:47 +05:30:     at async node:internal/modules/esm/loader:647:26 {
2026-09-28 09:57:47 +05:30:   code: 'EADDRINUSE',
2026-09-28 09:57:47 +05:30:   errno: -48,
2026-09-28 09:57:47 +05:30:   syscall: 'listen',
2026-09-28 09:57:47 +05:30:   address: '::',
2026-09-28 09:57:47 +05:30:   port: 3000
2026-09-28 09:57:47 +05:30: }
2026-09-28 09:57:47 +05:30: Error: listen EADDRINUSE: address already in use :::3000
2026-09-28 09:57:47 +05:30:     at Server.setupListenHandle [as _listen2] (node:net:2328:16)
2026-09-28 09:57:47 +05:30:     at listenInCluster (node:net:2437:12)
2026-09-28 09:57:47 +05:30:     at Server.listen (node:net:2562:7)
2026-09-28 09:57:47 +05:30:     at app.listen (/Users/himanshuranjan/anti-blog/node_modules/express/lib/application.js:635:24)
2026-09-28 09:57:47 +05:30:     at file:///Users/himanshuranjan/anti-blog/server/index.js:325:20
2026-09-28 09:57:47 +05:30:     at ModuleJob.run (node:internal/modules/esm/module_job:561:25)
2026-09-28 09:57:47 +05:30:     at process.processTicksAndRejections (node:internal/process/task_queues:104:5)
2026-09-28 09:57:47 +05:30:     at async node:internal/modules/esm/loader:647:26 {
2026-09-28 09:57:47 +05:30:   code: 'EADDRINUSE',
2026-09-28 09:57:47 +05:30:   errno: -48,
2026-09-28 09:57:47 +05:30:   syscall: 'listen',
2026-09-28 09:57:47 +05:30:   address: '::',
2026-09-28 09:57:47 +05:30:   port: 3000
2026-09-28 09:57:47 +05:30: }
2026-09-28 09:57:47 +05:30: Error: listen EADDRINUSE: address already in use :::3000
2026-09-28 09:57:47 +05:30:     at Server.setupListenHandle [as _listen2] (node:net:2328:16)
2026-09-28 09:57:47 +05:30:     at listenInCluster (node:net:2437:12)
2026-09-28 09:57:47 +05:30:     at Server.listen (node:net:2562:7)
2026-09-28 09:57:47 +05:30:     at app.listen (/Users/himanshuranjan/anti-blog/node_modules/express/lib/application.js:635:24)
2026-09-28 09:57:47 +05:30:     at file:///Users/himanshuranjan/anti-blog/server/index.js:325:20
2026-09-28 09:57:47 +05:30:     at ModuleJob.run (node:internal/modules/esm/module_job:561:25)
2026-09-28 09:57:47 +05:30:     at process.processTicksAndRejections (node:internal/process/task_queues:104:5)
2026-09-28 09:57:47 +05:30:     at async node:internal/modules/esm/loader:647:26 {
2026-09-28 09:57:47 +05:30:   code: 'EADDRINUSE',
2026-09-28 09:57:47 +05:30:   errno: -48,
2026-09-28 09:57:47 +05:30:   syscall: 'listen',
2026-09-28 09:57:47 +05:30:   address: '::',
2026-09-28 09:57:47 +05:30:   port: 3000
2026-09-28 09:57:47 +05:30: }
2026-09-28 09:58:31 +05:30: Error: listen EADDRINUSE: address already in use :::3000
2026-09-28 09:58:31 +05:30:     at Server.setupListenHandle [as _listen2] (node:net:2328:16)
2026-09-28 09:58:31 +05:30:     at listenInCluster (node:net:2437:12)
2026-09-28 09:58:31 +05:30:     at Server.listen (node:net:2562:7)
2026-09-28 09:58:31 +05:30:     at app.listen (/Users/himanshuranjan/anti-blog/node_modules/express/lib/application.js:635:24)
2026-09-28 09:58:31 +05:30:     at file:///Users/himanshuranjan/anti-blog/server/index.js:325:20
2026-09-28 09:58:31 +05:30:     at ModuleJob.run (node:internal/modules/esm/module_job:561:25)
2026-09-28 09:58:31 +05:30:     at process.processTicksAndRejections (node:internal/process/task_queues:104:5)
2026-09-28 09:58:31 +05:30:     at async node:internal/modules/esm/loader:647:26 {
2026-09-28 09:58:31 +05:30:   code: 'EADDRINUSE',
2026-09-28 09:58:31 +05:30:   errno: -48,
2026-09-28 09:58:31 +05:30:   syscall: 'listen',
2026-09-28 09:58:31 +05:30:   address: '::',
2026-09-28 09:58:31 +05:30:   port: 3000
2026-09-28 09:58:31 +05:30: }
2026-09-28 09:58:31 +05:30: Error: listen EADDRINUSE: address already in use :::3000
2026-09-28 09:58:31 +05:30:     at Server.setupListenHandle [as _listen2] (node:net:2328:16)
2026-09-28 09:58:31 +05:30:     at listenInCluster (node:net:2437:12)
2026-09-28 09:58:31 +05:30:     at Server.listen (node:net:2562:7)
2026-09-28 09:58:31 +05:30:     at app.listen (/Users/himanshuranjan/anti-blog/node_modules/express/lib/application.js:635:24)
2026-09-28 09:58:31 +05:30:     at file:///Users/himanshuranjan/anti-blog/server/index.js:325:20
2026-09-28 09:58:31 +05:30:     at ModuleJob.run (node:internal/modules/esm/module_job:561:25)
2026-09-28 09:58:31 +05:30:     at process.processTicksAndRejections (node:internal/process/task_queues:104:5)
2026-09-28 09:58:31 +05:30:     at async node:internal/modules/esm/loader:647:26 {
2026-09-28 09:58:31 +05:30:   code: 'EADDRINUSE',
2026-09-28 09:58:31 +05:30:   errno: -48,
2026-09-28 09:58:31 +05:30:   syscall: 'listen',
2026-09-28 09:58:31 +05:30:   address: '::',
2026-09-28 09:58:31 +05:30:   port: 3000
2026-09-28 09:58:31 +05:30: }
2026-09-28 09:58:31 +05:30: Error: listen EADDRINUSE: address already in use :::3000
2026-09-28 09:58:31 +05:30:     at Server.setupListenHandle [as _listen2] (node:net:2328:16)
2026-09-28 09:58:31 +05:30:     at listenInCluster (node:net:2437:12)
2026-09-28 09:58:31 +05:30:     at Server.listen (node:net:2562:7)
2026-09-28 09:58:31 +05:30:     at app.listen (/Users/himanshuranjan/anti-blog/node_modules/express/lib/application.js:635:24)
2026-09-28 09:58:31 +05:30:     at file:///Users/himanshuranjan/anti-blog/server/index.js:325:20
2026-09-28 09:58:31 +05:30:     at ModuleJob.run (node:internal/modules/esm/module_job:561:25)
2026-09-28 09:58:31 +05:30:     at process.processTicksAndRejections (node:internal/process/task_queues:104:5)
2026-09-28 09:58:31 +05:30:     at async node:internal/modules/esm/loader:647:26 {
2026-09-28 09:58:31 +05:30:   code: 'EADDRINUSE',
2026-09-28 09:58:31 +05:30:   errno: -48,
2026-09-28 09:58:31 +05:30:   syscall: 'listen',
2026-09-28 09:58:31 +05:30:   address: '::',
2026-09-28 09:58:31 +05:30:   port: 3000
2026-09-28 09:58:31 +05:30: }
2026-09-28 09:58:31 +05:30: Error: listen EADDRINUSE: address already in use :::3000
2026-09-28 09:58:31 +05:30:     at Server.setupListenHandle [as _listen2] (node:net:2328:16)
2026-09-28 09:58:31 +05:30:     at listenInCluster (node:net:2437:12)
2026-09-28 09:58:31 +05:30:     at Server.listen (node:net:2562:7)
2026-09-28 09:58:31 +05:30:     at app.listen (/Users/himanshuranjan/anti-blog/node_modules/express/lib/application.js:635:24)
2026-09-28 09:58:31 +05:30:     at file:///Users/himanshuranjan/anti-blog/server/index.js:325:20
2026-09-28 09:58:31 +05:30:     at ModuleJob.run (node:internal/modules/esm/module_job:561:25)
2026-09-28 09:58:31 +05:30:     at process.processTicksAndRejections (node:internal/process/task_queues:104:5)
2026-09-28 09:58:31 +05:30:     at async node:internal/modules/esm/loader:647:26 {
2026-09-28 09:58:31 +05:30:   code: 'EADDRINUSE',
2026-09-28 09:58:31 +05:30:   errno: -48,
2026-09-28 09:58:31 +05:30:   syscall: 'listen',
2026-09-28 09:58:31 +05:30:   address: '::',
2026-09-28 09:58:31 +05:30:   port: 3000
2026-09-28 09:58:31 +05:30: }
2026-09-28 09:58:32 +05:30: Error: listen EADDRINUSE: address already in use :::3000
2026-09-28 09:58:32 +05:30:     at Server.setupListenHandle [as _listen2] (node:net:2328:16)
2026-09-28 09:58:32 +05:30:     at listenInCluster (node:net:2437:12)
2026-09-28 09:58:32 +05:30:     at Server.listen (node:net:2562:7)
2026-09-28 09:58:32 +05:30:     at app.listen (/Users/himanshuranjan/anti-blog/node_modules/express/lib/application.js:635:24)
2026-09-28 09:58:32 +05:30:     at file:///Users/himanshuranjan/anti-blog/server/index.js:325:20
2026-09-28 09:58:32 +05:30:     at ModuleJob.run (node:internal/modules/esm/module_job:561:25)
2026-09-28 09:58:32 +05:30:     at process.processTicksAndRejections (node:internal/process/task_queues:104:5)
2026-09-28 09:58:32 +05:30:     at async node:internal/modules/esm/loader:647:26 {
2026-09-28 09:58:32 +05:30:   code: 'EADDRINUSE',
2026-09-28 09:58:32 +05:30:   errno: -48,
2026-09-28 09:58:32 +05:30:   syscall: 'listen',
2026-09-28 09:58:32 +05:30:   address: '::',
2026-09-28 09:58:32 +05:30:   port: 3000
2026-09-28 09:58:32 +05:30: }
2026-09-28 09:58:32 +05:30: Error: listen EADDRINUSE: address already in use :::3000
2026-09-28 09:58:32 +05:30:     at Server.setupListenHandle [as _listen2] (node:net:2328:16)
2026-09-28 09:58:32 +05:30:     at listenInCluster (node:net:2437:12)
2026-09-28 09:58:32 +05:30:     at Server.listen (node:net:2562:7)
2026-09-28 09:58:32 +05:30:     at app.listen (/Users/himanshuranjan/anti-blog/node_modules/express/lib/application.js:635:24)
2026-09-28 09:58:32 +05:30:     at file:///Users/himanshuranjan/anti-blog/server/index.js:325:20
2026-09-28 09:58:32 +05:30:     at ModuleJob.run (node:internal/modules/esm/module_job:561:25)
2026-09-28 09:58:32 +05:30:     at process.processTicksAndRejections (node:internal/process/task_queues:104:5)
2026-09-28 09:58:32 +05:30:     at async node:internal/modules/esm/loader:647:26 {
2026-09-28 09:58:32 +05:30:   code: 'EADDRINUSE',
2026-09-28 09:58:32 +05:30:   errno: -48,
2026-09-28 09:58:32 +05:30:   syscall: 'listen',
2026-09-28 09:58:32 +05:30:   address: '::',
2026-09-28 09:58:32 +05:30:   port: 3000
2026-09-28 09:58:32 +05:30: }
2026-09-28 09:58:32 +05:30: Error: listen EADDRINUSE: address already in use :::3000
2026-09-28 09:58:32 +05:30:     at Server.setupListenHandle [as _listen2] (node:net:2328:16)
2026-09-28 09:58:32 +05:30:     at listenInCluster (node:net:2437:12)
2026-09-28 09:58:32 +05:30:     at Server.listen (node:net:2562:7)
2026-09-28 09:58:32 +05:30:     at app.listen (/Users/himanshuranjan/anti-blog/node_modules/express/lib/application.js:635:24)
2026-09-28 09:58:32 +05:30:     at file:///Users/himanshuranjan/anti-blog/server/index.js:325:20
2026-09-28 09:58:32 +05:30:     at ModuleJob.run (node:internal/modules/esm/module_job:561:25)
2026-09-28 09:58:32 +05:30:     at process.processTicksAndRejections (node:internal/process/task_queues:104:5)
2026-09-28 09:58:32 +05:30:     at async node:internal/modules/esm/loader:647:26 {
2026-09-28 09:58:32 +05:30:   code: 'EADDRINUSE',
2026-09-28 09:58:32 +05:30:   errno: -48,
2026-09-28 09:58:32 +05:30:   syscall: 'listen',
2026-09-28 09:58:32 +05:30:   address: '::',
2026-09-28 09:58:32 +05:30:   port: 3000
2026-09-28 09:58:32 +05:30: }
2026-09-28 09:58:32 +05:30: Error: listen EADDRINUSE: address already in use :::3000
2026-09-28 09:58:32 +05:30:     at Server.setupListenHandle [as _listen2] (node:net:2328:16)
2026-09-28 09:58:32 +05:30:     at listenInCluster (node:net:2437:12)
2026-09-28 09:58:32 +05:30:     at Server.listen (node:net:2562:7)
2026-09-28 09:58:32 +05:30:     at app.listen (/Users/himanshuranjan/anti-blog/node_modules/express/lib/application.js:635:24)
2026-09-28 09:58:32 +05:30:     at file:///Users/himanshuranjan/anti-blog/server/index.js:325:20
2026-09-28 09:58:32 +05:30:     at ModuleJob.run (node:internal/modules/esm/module_job:561:25)
2026-09-28 09:58:32 +05:30:     at process.processTicksAndRejections (node:internal/process/task_queues:104:5)
2026-09-28 09:58:32 +05:30:     at async node:internal/modules/esm/loader:647:26 {
2026-09-28 09:58:32 +05:30:   code: 'EADDRINUSE',
2026-09-28 09:58:32 +05:30:   errno: -48,
2026-09-28 09:58:32 +05:30:   syscall: 'listen',
2026-09-28 09:58:32 +05:30:   address: '::',
2026-09-28 09:58:32 +05:30:   port: 3000
2026-09-28 09:58:32 +05:30: }
2026-09-28 09:58:32 +05:30: Error: listen EADDRINUSE: address already in use :::3000
2026-09-28 09:58:32 +05:30:     at Server.setupListenHandle [as _listen2] (node:net:2328:16)
2026-09-28 09:58:32 +05:30:     at listenInCluster (node:net:2437:12)
2026-09-28 09:58:32 +05:30:     at Server.listen (node:net:2562:7)
2026-09-28 09:58:32 +05:30:     at app.listen (/Users/himanshuranjan/anti-blog/node_modules/express/lib/application.js:635:24)
2026-09-28 09:58:32 +05:30:     at file:///Users/himanshuranjan/anti-blog/server/index.js:325:20
2026-09-28 09:58:32 +05:30:     at ModuleJob.run (node:internal/modules/esm/module_job:561:25)
2026-09-28 09:58:32 +05:30:     at process.processTicksAndRejections (node:internal/process/task_queues:104:5)
2026-09-28 09:58:32 +05:30:     at async node:internal/modules/esm/loader:647:26 {
2026-09-28 09:58:32 +05:30:   code: 'EADDRINUSE',
2026-09-28 09:58:32 +05:30:   errno: -48,
2026-09-28 09:58:32 +05:30:   syscall: 'listen',
2026-09-28 09:58:32 +05:30:   address: '::',
2026-09-28 09:58:32 +05:30:   port: 3000
2026-09-28 09:58:32 +05:30: }
2026-09-28 09:58:32 +05:30: Error: listen EADDRINUSE: address already in use :::3000
2026-09-28 09:58:32 +05:30:     at Server.setupListenHandle [as _listen2] (node:net:2328:16)
2026-09-28 09:58:32 +05:30:     at listenInCluster (node:net:2437:12)
2026-09-28 09:58:32 +05:30:     at Server.listen (node:net:2562:7)
2026-09-28 09:58:32 +05:30:     at app.listen (/Users/himanshuranjan/anti-blog/node_modules/express/lib/application.js:635:24)
2026-09-28 09:58:32 +05:30:     at file:///Users/himanshuranjan/anti-blog/server/index.js:325:20
2026-09-28 09:58:32 +05:30:     at ModuleJob.run (node:internal/modules/esm/module_job:561:25)
2026-09-28 09:58:32 +05:30:     at process.processTicksAndRejections (node:internal/process/task_queues:104:5)
2026-09-28 09:58:32 +05:30:     at async node:internal/modules/esm/loader:647:26 {
2026-09-28 09:58:32 +05:30:   code: 'EADDRINUSE',
2026-09-28 09:58:32 +05:30:   errno: -48,
2026-09-28 09:58:32 +05:30:   syscall: 'listen',
2026-09-28 09:58:32 +05:30:   address: '::',
2026-09-28 09:58:32 +05:30:   port: 3000
2026-09-28 09:58:32 +05:30: }
2026-09-28 11:23:25 +05:30: Error: listen EADDRINUSE: address already in use :::3000
2026-09-28 11:23:25 +05:30:     at Server.setupListenHandle [as _listen2] (node:net:2328:16)
2026-09-28 11:23:25 +05:30:     at listenInCluster (node:net:2437:12)
2026-09-28 11:23:25 +05:30:     at Server.listen (node:net:2562:7)
2026-09-28 11:23:25 +05:30:     at app.listen (/Users/himanshuranjan/anti-blog/node_modules/express/lib/application.js:635:24)
2026-09-28 11:23:25 +05:30:     at file:///Users/himanshuranjan/anti-blog/server/index.js:325:20
2026-09-28 11:23:25 +05:30:     at ModuleJob.run (node:internal/modules/esm/module_job:561:25)
2026-09-28 11:23:25 +05:30:     at process.processTicksAndRejections (node:internal/process/task_queues:104:5)
2026-09-28 11:23:25 +05:30:     at async node:internal/modules/esm/loader:647:26 {
2026-09-28 11:23:25 +05:30:   code: 'EADDRINUSE',
2026-09-28 11:23:25 +05:30:   errno: -48,
2026-09-28 11:23:25 +05:30:   syscall: 'listen',
2026-09-28 11:23:25 +05:30:   address: '::',
2026-09-28 11:23:25 +05:30:   port: 3000
2026-09-28 11:23:25 +05:30: }
2026-09-28 11:23:25 +05:30: Error: listen EADDRINUSE: address already in use :::3000
2026-09-28 11:23:25 +05:30:     at Server.setupListenHandle [as _listen2] (node:net:2328:16)
2026-09-28 11:23:25 +05:30:     at listenInCluster (node:net:2437:12)
2026-09-28 11:23:25 +05:30:     at Server.listen (node:net:2562:7)
2026-09-28 11:23:25 +05:30:     at app.listen (/Users/himanshuranjan/anti-blog/node_modules/express/lib/application.js:635:24)
2026-09-28 11:23:25 +05:30:     at file:///Users/himanshuranjan/anti-blog/server/index.js:325:20
2026-09-28 11:23:25 +05:30:     at ModuleJob.run (node:internal/modules/esm/module_job:561:25)
2026-09-28 11:23:25 +05:30:     at process.processTicksAndRejections (node:internal/process/task_queues:104:5)
2026-09-28 11:23:25 +05:30:     at async node:internal/modules/esm/loader:647:26 {
2026-09-28 11:23:25 +05:30:   code: 'EADDRINUSE',
2026-09-28 11:23:25 +05:30:   errno: -48,
2026-09-28 11:23:25 +05:30:   syscall: 'listen',
2026-09-28 11:23:25 +05:30:   address: '::',
2026-09-28 11:23:25 +05:30:   port: 3000
2026-09-28 11:23:25 +05:30: }
2026-09-28 11:23:25 +05:30: Error: listen EADDRINUSE: address already in use :::3000
2026-09-28 11:23:25 +05:30:     at Server.setupListenHandle [as _listen2] (node:net:2328:16)
2026-09-28 11:23:25 +05:30:     at listenInCluster (node:net:2437:12)
2026-09-28 11:23:25 +05:30:     at Server.listen (node:net:2562:7)
2026-09-28 11:23:25 +05:30:     at app.listen (/Users/himanshuranjan/anti-blog/node_modules/express/lib/application.js:635:24)
2026-09-28 11:23:25 +05:30:     at file:///Users/himanshuranjan/anti-blog/server/index.js:325:20
2026-09-28 11:23:25 +05:30:     at ModuleJob.run (node:internal/modules/esm/module_job:561:25)
2026-09-28 11:23:25 +05:30:     at process.processTicksAndRejections (node:internal/process/task_queues:104:5)
2026-09-28 11:23:25 +05:30:     at async node:internal/modules/esm/loader:647:26 {
2026-09-28 11:23:25 +05:30:   code: 'EADDRINUSE',
2026-09-28 11:23:25 +05:30:   errno: -48,
2026-09-28 11:23:25 +05:30:   syscall: 'listen',
2026-09-28 11:23:25 +05:30:   address: '::',
2026-09-28 11:23:25 +05:30:   port: 3000
2026-09-28 11:23:25 +05:30: }
2026-09-28 11:23:25 +05:30: Error: listen EADDRINUSE: address already in use :::3000
2026-09-28 11:23:25 +05:30:     at Server.setupListenHandle [as _listen2] (node:net:2328:16)
2026-09-28 11:23:25 +05:30:     at listenInCluster (node:net:2437:12)
2026-09-28 11:23:25 +05:30:     at Server.listen (node:net:2562:7)
2026-09-28 11:23:25 +05:30:     at app.listen (/Users/himanshuranjan/anti-blog/node_modules/express/lib/application.js:635:24)
2026-09-28 11:23:25 +05:30:     at file:///Users/himanshuranjan/anti-blog/server/index.js:325:20
2026-09-28 11:23:25 +05:30:     at ModuleJob.run (node:internal/modules/esm/module_job:561:25)
2026-09-28 11:23:25 +05:30:     at process.processTicksAndRejections (node:internal/process/task_queues:104:5)
2026-09-28 11:23:25 +05:30:     at async node:internal/modules/esm/loader:647:26 {
2026-09-28 11:23:25 +05:30:   code: 'EADDRINUSE',
2026-09-28 11:23:25 +05:30:   errno: -48,
2026-09-28 11:23:25 +05:30:   syscall: 'listen',
2026-09-28 11:23:25 +05:30:   address: '::',
2026-09-28 11:23:25 +05:30:   port: 3000
2026-09-28 11:23:25 +05:30: }
2026-09-28 11:23:25 +05:30: Error: listen EADDRINUSE: address already in use :::3000
2026-09-28 11:23:25 +05:30:     at Server.setupListenHandle [as _listen2] (node:net:2328:16)
2026-09-28 11:23:25 +05:30:     at listenInCluster (node:net:2437:12)
2026-09-28 11:23:25 +05:30:     at Server.listen (node:net:2562:7)
2026-09-28 11:23:25 +05:30:     at app.listen (/Users/himanshuranjan/anti-blog/node_modules/express/lib/application.js:635:24)
2026-09-28 11:23:25 +05:30:     at file:///Users/himanshuranjan/anti-blog/server/index.js:325:20
2026-09-28 11:23:25 +05:30:     at ModuleJob.run (node:internal/modules/esm/module_job:561:25)
2026-09-28 11:23:25 +05:30:     at process.processTicksAndRejections (node:internal/process/task_queues:104:5)
2026-09-28 11:23:25 +05:30:     at async node:internal/modules/esm/loader:647:26 {
2026-09-28 11:23:25 +05:30:   code: 'EADDRINUSE',
2026-09-28 11:23:25 +05:30:   errno: -48,
2026-09-28 11:23:25 +05:30:   syscall: 'listen',
2026-09-28 11:23:25 +05:30:   address: '::',
2026-09-28 11:23:25 +05:30:   port: 3000
2026-09-28 11:23:25 +05:30: }
2026-09-28 11:23:25 +05:30: Error: listen EADDRINUSE: address already in use :::3000
2026-09-28 11:23:25 +05:30:     at Server.setupListenHandle [as _listen2] (node:net:2328:16)
2026-09-28 11:23:25 +05:30:     at listenInCluster (node:net:2437:12)
2026-09-28 11:23:25 +05:30:     at Server.listen (node:net:2562:7)
2026-09-28 11:23:25 +05:30:     at app.listen (/Users/himanshuranjan/anti-blog/node_modules/express/lib/application.js:635:24)
2026-09-28 11:23:25 +05:30:     at file:///Users/himanshuranjan/anti-blog/server/index.js:325:20
2026-09-28 11:23:25 +05:30:     at ModuleJob.run (node:internal/modules/esm/module_job:561:25)
2026-09-28 11:23:25 +05:30:     at process.processTicksAndRejections (node:internal/process/task_queues:104:5)
2026-09-28 11:23:25 +05:30:     at async node:internal/modules/esm/loader:647:26 {
2026-09-28 11:23:25 +05:30:   code: 'EADDRINUSE',
2026-09-28 11:23:25 +05:30:   errno: -48,
2026-09-28 11:23:25 +05:30:   syscall: 'listen',
2026-09-28 11:23:25 +05:30:   address: '::',
2026-09-28 11:23:25 +05:30:   port: 3000
2026-09-28 11:23:25 +05:30: }
2026-09-28 11:23:25 +05:30: Error: listen EADDRINUSE: address already in use :::3000
2026-09-28 11:23:25 +05:30:     at Server.setupListenHandle [as _listen2] (node:net:2328:16)
2026-09-28 11:23:25 +05:30:     at listenInCluster (node:net:2437:12)
2026-09-28 11:23:25 +05:30:     at Server.listen (node:net:2562:7)
2026-09-28 11:23:25 +05:30:     at app.listen (/Users/himanshuranjan/anti-blog/node_modules/express/lib/application.js:635:24)
2026-09-28 11:23:25 +05:30:     at file:///Users/himanshuranjan/anti-blog/server/index.js:325:20
2026-09-28 11:23:25 +05:30:     at ModuleJob.run (node:internal/modules/esm/module_job:561:25)
2026-09-28 11:23:25 +05:30:     at process.processTicksAndRejections (node:internal/process/task_queues:104:5)
2026-09-28 11:23:25 +05:30:     at async node:internal/modules/esm/loader:647:26 {
2026-09-28 11:23:25 +05:30:   code: 'EADDRINUSE',
2026-09-28 11:23:25 +05:30:   errno: -48,
2026-09-28 11:23:25 +05:30:   syscall: 'listen',
2026-09-28 11:23:25 +05:30:   address: '::',
2026-09-28 11:23:25 +05:30:   port: 3000
2026-09-28 11:23:25 +05:30: }
2026-09-28 11:23:25 +05:30: Error: listen EADDRINUSE: address already in use :::3000
2026-09-28 11:23:25 +05:30:     at Server.setupListenHandle [as _listen2] (node:net:2328:16)
2026-09-28 11:23:25 +05:30:     at listenInCluster (node:net:2437:12)
2026-09-28 11:23:25 +05:30:     at Server.listen (node:net:2562:7)
2026-09-28 11:23:25 +05:30:     at app.listen (/Users/himanshuranjan/anti-blog/node_modules/express/lib/application.js:635:24)
2026-09-28 11:23:25 +05:30:     at file:///Users/himanshuranjan/anti-blog/server/index.js:325:20
2026-09-28 11:23:25 +05:30:     at ModuleJob.run (node:internal/modules/esm/module_job:561:25)
2026-09-28 11:23:25 +05:30:     at process.processTicksAndRejections (node:internal/process/task_queues:104:5)
2026-09-28 11:23:25 +05:30:     at async node:internal/modules/esm/loader:647:26 {
2026-09-28 11:23:25 +05:30:   code: 'EADDRINUSE',
2026-09-28 11:23:25 +05:30:   errno: -48,
2026-09-28 11:23:25 +05:30:   syscall: 'listen',
2026-09-28 11:23:25 +05:30:   address: '::',
2026-09-28 11:23:25 +05:30:   port: 3000
2026-09-28 11:23:25 +05:30: }
2026-09-28 11:23:26 +05:30: Error: listen EADDRINUSE: address already in use :::3000
2026-09-28 11:23:26 +05:30:     at Server.setupListenHandle [as _listen2] (node:net:2328:16)
2026-09-28 11:23:26 +05:30:     at listenInCluster (node:net:2437:12)
2026-09-28 11:23:26 +05:30:     at Server.listen (node:net:2562:7)
2026-09-28 11:23:26 +05:30:     at app.listen (/Users/himanshuranjan/anti-blog/node_modules/express/lib/application.js:635:24)
2026-09-28 11:23:26 +05:30:     at file:///Users/himanshuranjan/anti-blog/server/index.js:325:20
2026-09-28 11:23:26 +05:30:     at ModuleJob.run (node:internal/modules/esm/module_job:561:25)
2026-09-28 11:23:26 +05:30:     at process.processTicksAndRejections (node:internal/process/task_queues:104:5)
2026-09-28 11:23:26 +05:30:     at async node:internal/modules/esm/loader:647:26 {
2026-09-28 11:23:26 +05:30:   code: 'EADDRINUSE',
2026-09-28 11:23:26 +05:30:   errno: -48,
2026-09-28 11:23:26 +05:30:   syscall: 'listen',
2026-09-28 11:23:26 +05:30:   address: '::',
2026-09-28 11:23:26 +05:30:   port: 3000
2026-09-28 11:23:26 +05:30: }
2026-09-28 11:23:26 +05:30: Error: listen EADDRINUSE: address already in use :::3000
2026-09-28 11:23:26 +05:30:     at Server.setupListenHandle [as _listen2] (node:net:2328:16)
2026-09-28 11:23:26 +05:30:     at listenInCluster (node:net:2437:12)
2026-09-28 11:23:26 +05:30:     at Server.listen (node:net:2562:7)
2026-09-28 11:23:26 +05:30:     at app.listen (/Users/himanshuranjan/anti-blog/node_modules/express/lib/application.js:635:24)
2026-09-28 11:23:26 +05:30:     at file:///Users/himanshuranjan/anti-blog/server/index.js:325:20
2026-09-28 11:23:26 +05:30:     at ModuleJob.run (node:internal/modules/esm/module_job:561:25)
2026-09-28 11:23:26 +05:30:     at process.processTicksAndRejections (node:internal/process/task_queues:104:5)
2026-09-28 11:23:26 +05:30:     at async node:internal/modules/esm/loader:647:26 {
2026-09-28 11:23:26 +05:30:   code: 'EADDRINUSE',
2026-09-28 11:23:26 +05:30:   errno: -48,
2026-09-28 11:23:26 +05:30:   syscall: 'listen',
2026-09-28 11:23:26 +05:30:   address: '::',
2026-09-28 11:23:26 +05:30:   port: 3000
2026-09-28 11:23:26 +05:30: }
