2026-09-26 17:08:25 +05:30: Serving static production client from: /Users/himanshuranjan/anti-blog/client/dist
2026-09-26 17:08:25 +05:30: 
2026-09-26 17:08:25 +05:30: =============================================================
2026-09-26 17:08:25 +05:30: 🚀 Personal Space Platform is live!
2026-09-26 17:08:25 +05:30: 🌐 URL: http://localhost:3000
2026-09-26 17:08:25 +05:30: ⚡ Environment: production
2026-09-26 17:08:25 +05:30: 🛡️ Admin Pin Default: admin123
2026-09-26 17:08:25 +05:30: =============================================================
2026-09-26 17:08:25 +05:30:   
2026-09-26 17:08:45 +05:30: [2026-09-26T11:38:45.035Z] GET /api/health -> 200 (25ms)
2026-09-26 17:14:16 +05:30: 
2026-09-26 17:14:16 +05:30: [SIGINT] Initiating graceful shutdown...
2026-09-26 17:14:16 +05:30: HTTP server closed. Exiting cleanly.
2026-09-26 17:14:16 +05:30: Serving static production client from: /Users/himanshuranjan/anti-blog/client/dist
2026-09-26 17:14:16 +05:30: 
2026-09-26 17:14:16 +05:30: =============================================================
2026-09-26 17:14:16 +05:30: 🚀 Personal Space Platform is live!
2026-09-26 17:14:16 +05:30: 🌐 URL: http://localhost:3000
2026-09-26 17:14:16 +05:30: ⚡ Environment: production
2026-09-26 17:14:16 +05:30: 🛡️ Admin Pin Default: admin123
2026-09-26 17:14:16 +05:30: =============================================================
2026-09-26 17:14:16 +05:30:   
2026-09-26 17:14:29 +05:30: [2026-09-26T11:44:29.899Z] GET /api/all -> 200 (11ms)
2026-09-26 17:14:35 +05:30: [2026-09-26T11:44:35.914Z] GET /api/all -> 200 (3ms)
2026-09-26 17:15:39 +05:30: [2026-09-26T11:45:39.365Z] GET /api/career -> 200 (9ms)
2026-09-26 17:18:25 +05:30: [2026-09-26T11:48:25.994Z] GET /api/software -> 200 (18ms)
2026-09-26 17:20:01 +05:30: Serving static production client from: /Users/himanshuranjan/anti-blog/client/dist
2026-09-26 17:20:01 +05:30: 
2026-09-26 17:20:01 +05:30: =============================================================
2026-09-26 17:20:01 +05:30: 🚀 Personal Space Platform is live!
2026-09-26 17:20:01 +05:30: 🌐 URL: http://localhost:3000
2026-09-26 17:20:01 +05:30: ⚡ Environment: production
2026-09-26 17:20:01 +05:30: 🛡️ Admin Pin Default: admin123
2026-09-26 17:20:01 +05:30: =============================================================
2026-09-26 17:20:01 +05:30:   
2026-09-26 17:20:55 +05:30: Serving static production client from: /Users/himanshuranjan/anti-blog/client/dist
2026-09-26 17:20:55 +05:30: 
2026-09-26 17:20:55 +05:30: =============================================================
2026-09-26 17:20:55 +05:30: 🚀 Personal Space Platform is live!
2026-09-26 17:20:55 +05:30: 🌐 URL: http://localhost:3000
2026-09-26 17:20:55 +05:30: ⚡ Environment: production
2026-09-26 17:20:55 +05:30: 🛡️ Admin Pin Default: admin123
2026-09-26 17:20:55 +05:30: =============================================================
2026-09-26 17:20:55 +05:30:   
2026-09-26 17:23:16 +05:30: [2026-09-26T11:53:16.925Z] GET /api/posts -> 200 (8ms)
2026-09-26 17:27:39 +05:30: 
2026-09-26 17:27:39 +05:30: [SIGINT] Initiating graceful shutdown...
2026-09-26 17:27:39 +05:30: HTTP server closed. Exiting cleanly.
2026-09-26 17:27:40 +05:30: Serving static production client from: /Users/himanshuranjan/anti-blog/client/dist
2026-09-26 17:27:40 +05:30: 
2026-09-26 17:27:40 +05:30: =============================================================
2026-09-26 17:27:40 +05:30: 🚀 Personal Space Platform is live!
2026-09-26 17:27:40 +05:30: 🌐 URL: http://localhost:3000
2026-09-26 17:27:40 +05:30: ⚡ Environment: production
2026-09-26 17:27:40 +05:30: 🛡️ Admin Pin Default: admin123
2026-09-26 17:27:40 +05:30: =============================================================
2026-09-26 17:27:40 +05:30:   
2026-09-26 17:39:48 +05:30: 
2026-09-26 17:39:48 +05:30: [SIGINT] Initiating graceful shutdown...
2026-09-26 17:39:48 +05:30: HTTP server closed. Exiting cleanly.
2026-09-28 09:57:46 +05:30: Serving static production client from: /Users/himanshuranjan/anti-blog/client/dist
2026-09-28 09:57:46 +05:30: Serving static production client from: /Users/himanshuranjan/anti-blog/client/dist
2026-09-28 09:57:46 +05:30: Serving static production client from: /Users/himanshuranjan/anti-blog/client/dist
2026-09-28 09:57:47 +05:30: Serving static production client from: /Users/himanshuranjan/anti-blog/client/dist
2026-09-28 09:57:47 +05:30: Serving static production client from: /Users/himanshuranjan/anti-blog/client/dist
2026-09-28 09:57:47 +05:30: Serving static production client from: /Users/himanshuranjan/anti-blog/client/dist
2026-09-28 09:57:47 +05:30: Serving static production client from: /Users/himanshuranjan/anti-blog/client/dist
2026-09-28 09:57:47 +05:30: Serving static production client from: /Users/himanshuranjan/anti-blog/client/dist
2026-09-28 09:57:47 +05:30: Serving static production client from: /Users/himanshuranjan/anti-blog/client/dist
2026-09-28 09:57:47 +05:30: Serving static production client from: /Users/himanshuranjan/anti-blog/client/dist
2026-09-28 09:58:31 +05:30: Serving static production client from: /Users/himanshuranjan/anti-blog/client/dist
2026-09-28 09:58:31 +05:30: Serving static production client from: /Users/himanshuranjan/anti-blog/client/dist
2026-09-28 09:58:31 +05:30: Serving static production client from: /Users/himanshuranjan/anti-blog/client/dist
2026-09-28 09:58:31 +05:30: Serving static production client from: /Users/himanshuranjan/anti-blog/client/dist
2026-09-28 09:58:32 +05:30: Serving static production client from: /Users/himanshuranjan/anti-blog/client/dist
2026-09-28 09:58:32 +05:30: Serving static production client from: /Users/himanshuranjan/anti-blog/client/dist
2026-09-28 09:58:32 +05:30: Serving static production client from: /Users/himanshuranjan/anti-blog/client/dist
2026-09-28 09:58:32 +05:30: Serving static production client from: /Users/himanshuranjan/anti-blog/client/dist
2026-09-28 09:58:32 +05:30: Serving static production client from: /Users/himanshuranjan/anti-blog/client/dist
2026-09-28 09:58:32 +05:30: Serving static production client from: /Users/himanshuranjan/anti-blog/client/dist
